--- 2026-09-07 20:55:55 ---
--- Состояние оперативной памяти ---
               total        used        free      shared  buff/cache   available
Mem:           3.8Gi       468Mi       2.6Gi       1.1Mi       1.0Gi       3.4Gi
Swap:             0B          0B          0B
--- Состояние дискового пространства ---
Filesystem      Size  Used Avail Use% Mounted on
tmpfs           392M  1.1M  391M   1% /run
/dev/sda2        25G  2.8G   21G  12% /
tmpfs           2.0G     0  2.0G   0% /dev/shm
tmpfs           5.0M     0  5.0M   0% /run/lock
tmpfs           392M   12K  392M   1% /run/user/1000
--- Средняя нагрузка на CPU ---
 20:55:55 up  1:39,  2 users,  load average: 0.01, 0.03, 0.00
--- 2026-09-07 20:56:01 ---
--- Состояние оперативной памяти ---
               total        used        free      shared  buff/cache   available
Mem:           3.8Gi       468Mi       2.6Gi       1.1Mi       1.0Gi       3.4Gi
Swap:             0B          0B          0B
--- Состояние дискового пространства ---
Filesystem      Size  Used Avail Use% Mounted on
tmpfs           392M  1.1M  391M   1% /run
/dev/sda2        25G  2.8G   21G  12% /
tmpfs           2.0G     0  2.0G   0% /dev/shm
tmpfs           5.0M     0  5.0M   0% /run/lock
tmpfs           392M   12K  392M   1% /run/user/1000
--- Средняя нагрузка на CPU ---
 20:56:01 up  1:39,  2 users,  load average: 0.01, 0.03, 0.00
